<html>
<body>
<pre>
<h1>µVision Build Log</h1>
<h2>Project:</h2>
C:\Users\Mati\Desktop\PPS PROJEKT\ADC1\ADC.uvproj
Project File Date:  01/11/2016

<h2>Output:</h2>
Rebuild target 'Target 1'
compiling main.c...
src\main.c(41): warning:  #550-D: variable "ADC_CommonInitStruct" was set but never used
compiling stm32f4xx_it.c...
compiling stm32f4xx_tim.c...
compiling misc.c...
compiling stm32f4xx_rcc.c...
compiling stm32f4xx_adc.c...
compiling stm32f4xx_dma.c...
compiling stm32f4xx_gpio.c...
compiling system_stm32f4xx.c...
assembling startup_stm32f40xx.s...
linking...
Program Size: Code=4252 RO-data=424 RW-data=36 ZI-data=1028  
FromELF: creating hex file...
".\obj\Sygnal_1.axf" - 0 Errors, 1 Warning(s).
Build target 'Target 1'
compiling main.c...
src\main.c(44): warning:  #1-D: last line of file ends without a newline
linking...
Program Size: Code=4268 RO-data=424 RW-data=40 ZI-data=1024  
FromELF: creating hex file...
".\obj\Sygnal_1.axf" - 0 Errors, 1 Warning(s).
Build target 'Target 1'
compiling main.c...
src\main.c(52): warning:  #1-D: last line of file ends without a newline
linking...
Program Size: Code=4268 RO-data=424 RW-data=40 ZI-data=1024  
FromELF: creating hex file...
".\obj\Sygnal_1.axf" - 0 Errors, 1 Warning(s).
Build target 'Target 1'
compiling main.c...
src\main.c(52): warning:  #1-D: last line of file ends without a newline
linking...
Program Size: Code=4268 RO-data=424 RW-data=40 ZI-data=1024  
FromELF: creating hex file...
".\obj\Sygnal_1.axf" - 0 Errors, 1 Warning(s).
Build target 'Target 1'
compiling main.c...
src\main.c(22): warning:  #223-D: function "GPIO_ADC_Init" declared implicitly
src\main.c(22): error:  #20: identifier "GPIO_initStructre" is undefined
src\main.c(12): warning:  #550-D: variable "GPIO_ADC_initStructre" was set but never used
src\main.c(44): warning:  #177-D: variable "DAC_init_structure" was declared but never referenced
src\main.c(59): warning:  #1-D: last line of file ends without a newline
".\obj\Sygnal_1.axf" - 1 Errors, 4 Warning(s).
Target not created
Build target 'Target 1'
compiling main.c...
src\main.c(22): warning:  #223-D: function "GPIO_ADC_Init" declared implicitly
src\main.c(44): warning:  #177-D: variable "DAC_init_structure" was declared but never referenced
src\main.c(59): warning:  #1-D: last line of file ends without a newline
linking...
.\obj\Sygnal_1.axf: Error: L6218E: Undefined symbol GPIO_ADC_Init (referred from main.o).
".\obj\Sygnal_1.axf" - 1 Errors, 3 Warning(s).
Target not created
Rebuild target 'Target 1'
compiling main.c...
src\main.c(22): warning:  #223-D: function "GPIO_ADC_Init" declared implicitly
src\main.c(44): warning:  #177-D: variable "DAC_init_structure" was declared but never referenced
src\main.c(59): warning:  #1-D: last line of file ends without a newline
compiling stm32f4xx_it.c...
compiling stm32f4xx_tim.c...
compiling misc.c...
compiling stm32f4xx_rcc.c...
compiling stm32f4xx_adc.c...
compiling stm32f4xx_dma.c...
compiling stm32f4xx_gpio.c...
compiling stm32f4xx_dac.c...
compiling system_stm32f4xx.c...
assembling startup_stm32f40xx.s...
linking...
.\obj\Sygnal_1.axf: Error: L6218E: Undefined symbol GPIO_ADC_Init (referred from main.o).
".\obj\Sygnal_1.axf" - 1 Errors, 3 Warning(s).
Target not created
Rebuild target 'Target 1'
compiling main.c...
src\main.c(44): warning:  #177-D: variable "DAC_init_structure" was declared but never referenced
src\main.c(59): warning:  #1-D: last line of file ends without a newline
compiling stm32f4xx_it.c...
compiling stm32f4xx_tim.c...
compiling misc.c...
compiling stm32f4xx_rcc.c...
compiling stm32f4xx_adc.c...
compiling stm32f4xx_dma.c...
compiling stm32f4xx_gpio.c...
compiling stm32f4xx_dac.c...
compiling system_stm32f4xx.c...
assembling startup_stm32f40xx.s...
linking...
Program Size: Code=4272 RO-data=424 RW-data=40 ZI-data=1024  
FromELF: creating hex file...
".\obj\Sygnal_1.axf" - 0 Errors, 2 Warning(s).
Rebuild target 'Target 1'
compiling main.c...
src\main.c(44): warning:  #177-D: variable "DAC_init_structure" was declared but never referenced
src\main.c(74): warning:  #1-D: last line of file ends without a newline
compiling stm32f4xx_it.c...
compiling stm32f4xx_tim.c...
compiling misc.c...
compiling stm32f4xx_rcc.c...
compiling stm32f4xx_adc.c...
compiling stm32f4xx_dma.c...
compiling stm32f4xx_gpio.c...
compiling stm32f4xx_dac.c...
compiling system_stm32f4xx.c...
assembling startup_stm32f40xx.s...
linking...
Program Size: Code=4844 RO-data=424 RW-data=40 ZI-data=1024  
FromELF: creating hex file...
".\obj\Sygnal_1.axf" - 0 Errors, 2 Warning(s).
Rebuild target 'Target 1'
compiling main.c...
src\main.c(44): warning:  #177-D: variable "DAC_init_structure" was declared but never referenced
src\main.c(74): warning:  #1-D: last line of file ends without a newline
compiling stm32f4xx_it.c...
compiling stm32f4xx_tim.c...
compiling misc.c...
compiling stm32f4xx_rcc.c...
compiling stm32f4xx_adc.c...
compiling stm32f4xx_dma.c...
compiling stm32f4xx_gpio.c...
compiling stm32f4xx_dac.c...
compiling system_stm32f4xx.c...
assembling startup_stm32f40xx.s...
linking...
Program Size: Code=4848 RO-data=424 RW-data=40 ZI-data=1024  
FromELF: creating hex file...
".\obj\Sygnal_1.axf" - 0 Errors, 2 Warning(s).
Rebuild target 'Target 1'
compiling main.c...
src\main.c(60): error:  #29: expected an expression
src\main.c(61): error:  #29: expected an expression
src\main.c(44): warning:  #550-D: variable "DAC_init_structure" was set but never used
src\main.c(74): warning:  #1-D: last line of file ends without a newline
compiling stm32f4xx_it.c...
compiling stm32f4xx_tim.c...
compiling misc.c...
compiling stm32f4xx_rcc.c...
compiling stm32f4xx_adc.c...
compiling stm32f4xx_dma.c...
compiling stm32f4xx_gpio.c...
compiling stm32f4xx_dac.c...
compiling system_stm32f4xx.c...
assembling startup_stm32f40xx.s...
".\obj\Sygnal_1.axf" - 2 Errors, 2 Warning(s).
Target not created
Rebuild target 'Target 1'
compiling main.c...
src\main.c(79): warning:  #1-D: last line of file ends without a newline
compiling stm32f4xx_it.c...
compiling stm32f4xx_tim.c...
compiling misc.c...
compiling stm32f4xx_rcc.c...
compiling stm32f4xx_adc.c...
compiling stm32f4xx_dma.c...
compiling stm32f4xx_gpio.c...
compiling stm32f4xx_dac.c...
compiling system_stm32f4xx.c...
assembling startup_stm32f40xx.s...
linking...
Program Size: Code=4876 RO-data=424 RW-data=40 ZI-data=1024  
FromELF: creating hex file...
".\obj\Sygnal_1.axf" - 0 Errors, 1 Warning(s).
Build target 'Target 1'
compiling main.c...
src\main.c(80): warning:  #1-D: last line of file ends without a newline
linking...
Program Size: Code=4876 RO-data=424 RW-data=40 ZI-data=1024  
FromELF: creating hex file...
".\obj\Sygnal_1.axf" - 0 Errors, 1 Warning(s).
Rebuild target 'Target 1'
compiling main.c...
src\main.c(78): warning:  #940-D: missing return statement at end of non-void function "dac_convert"
src\main.c(85): warning:  #1-D: last line of file ends without a newline
compiling stm32f4xx_it.c...
compiling stm32f4xx_tim.c...
compiling misc.c...
compiling stm32f4xx_rcc.c...
compiling stm32f4xx_adc.c...
compiling stm32f4xx_dma.c...
compiling stm32f4xx_gpio.c...
compiling stm32f4xx_dac.c...
compiling system_stm32f4xx.c...
assembling startup_stm32f40xx.s...
linking...
Program Size: Code=4892 RO-data=424 RW-data=40 ZI-data=1024  
FromELF: creating hex file...
".\obj\Sygnal_1.axf" - 0 Errors, 2 Warning(s).
Rebuild target 'Target 1'
compiling main.c...
src\main.c(76): warning:  #940-D: missing return statement at end of non-void function "dac_convert"
src\main.c(83): warning:  #1-D: last line of file ends without a newline
compiling stm32f4xx_it.c...
compiling stm32f4xx_tim.c...
compiling misc.c...
compiling stm32f4xx_rcc.c...
compiling stm32f4xx_adc.c...
compiling stm32f4xx_dma.c...
compiling stm32f4xx_gpio.c...
compiling stm32f4xx_dac.c...
compiling system_stm32f4xx.c...
assembling startup_stm32f40xx.s...
linking...
Program Size: Code=4892 RO-data=424 RW-data=40 ZI-data=1024  
FromELF: creating hex file...
".\obj\Sygnal_1.axf" - 0 Errors, 2 Warning(s).
Rebuild target 'Target 1'
compiling main.c...
src\main.c(76): error:  #120: return value type does not match the function type
src\main.c(84): warning:  #1-D: last line of file ends without a newline
compiling stm32f4xx_it.c...
compiling stm32f4xx_tim.c...
compiling misc.c...
compiling stm32f4xx_rcc.c...
compiling stm32f4xx_adc.c...
compiling stm32f4xx_dma.c...
compiling stm32f4xx_gpio.c...
compiling stm32f4xx_dac.c...
compiling system_stm32f4xx.c...
assembling startup_stm32f40xx.s...
".\obj\Sygnal_1.axf" - 1 Errors, 1 Warning(s).
Target not created
Rebuild target 'Target 1'
compiling main.c...
src\main.c(76): warning:  #940-D: missing return statement at end of non-void function "dac_convert"
src\main.c(85): warning:  #1-D: last line of file ends without a newline
compiling stm32f4xx_it.c...
compiling stm32f4xx_tim.c...
compiling misc.c...
compiling stm32f4xx_rcc.c...
compiling stm32f4xx_adc.c...
compiling stm32f4xx_dma.c...
compiling stm32f4xx_gpio.c...
compiling stm32f4xx_dac.c...
compiling system_stm32f4xx.c...
assembling startup_stm32f40xx.s...
linking...
Program Size: Code=4900 RO-data=424 RW-data=40 ZI-data=1024  
FromELF: creating hex file...
".\obj\Sygnal_1.axf" - 0 Errors, 2 Warning(s).
